// Jest Snapshot v1, https://goo.gl/fbAQLP

exports[`Protected Routes Route protection was implemented & is working as expected! 1`] = `"<div class=\\"app\\"><h1>Book Store</h1><div class=\\"navigation\\"><a id=\\"home-link\\" href=\\"/\\">Home</a><a id=\\"books-link\\" href=\\"/books\\">Books</a><a id=\\"secret-link\\" href=\\"/secret\\">Secret Collection</a></div><div class=\\"content\\"><div class=\\"home\\"><h3>Welcome to the Book Store app! You can browse our collection on the Books page</h3></div></div></div>"`;

exports[`Protected Routes Route protection was implemented & is working as expected! 2`] = `"<div class=\\"app\\"><h1>Book Store</h1><div class=\\"navigation\\"><a id=\\"home-link\\" href=\\"/\\">Home</a><a id=\\"books-link\\" href=\\"/books\\">Books</a><a id=\\"secret-link\\" href=\\"/secret\\">Secret Collection</a></div><div class=\\"content\\"><div class=\\"login\\"><input type=\\"password\\" id=\\"login-passcode\\" placeholder=\\"Enter password &amp; press enter...\\"></div></div></div>"`;

exports[`Protected Routes Route protection was implemented & is working as expected! 3`] = `"<div class=\\"app\\"><h1>Book Store</h1><div class=\\"navigation\\"><a id=\\"home-link\\" href=\\"/\\">Home</a><a id=\\"books-link\\" href=\\"/books\\">Books</a><a id=\\"secret-link\\" href=\\"/secret\\">Secret Collection</a></div><div class=\\"content\\"><div class=\\"secret\\"><h3>Secret Book of the Week</h3><div class=\\"book-details\\"><img class=\\"bd-thumb\\" src=\\"https://s3.amazonaws.com/AKIAJC5RLADLUMVRPFDQ.book-thumb-images/koskela2.jpg\\" alt=\\"Effective Unit Testing\\"><div class=\\"bd-title\\">Effective Unit Testing</div><div class=\\"bd-authors\\">Lasse Koskela</div><div class=\\"bd-isbn\\">ISBN: 1935182579</div><div class=\\"bd-pg-count\\">Pages: 350</div><div class=\\"bd-short-desc\\"></div></div></div></div></div>"`;
